[02Oct2026 19:30:22.849] [main/INFO] [cpw.mods.modlauncher.Launcher/MODLAUNCHER]: ModLauncher running: args [--launchTarget, forgeclientdev, --version, 21.1.248, --assetIndex, 17, --assetsDir, C:\\Users\\laure\\.gradle\\caches\\neoformruntime\\assets, --gameDir, ., --fml.fmlVersion, 4.0.43, --fml.mcVersion, 1.21.1, --fml.neoForgeVersion, 21.1.248, --fml.neoFormVersion, 20240808.144430]
[02Oct2026 19:30:22.852] [main/INFO] [cpw.mods.modlauncher.Launcher/MODLAUNCHER]: JVM identified as Eclipse Adoptium OpenJDK 64-Bit Server VM 21.0.8+9-LTS
[02Oct2026 19:30:22.853] [main/INFO] [cpw.mods.modlauncher.Launcher/MODLAUNCHER]: ModLauncher 11.0.5+main.901c6ea8 starting: java version 21.0.8 by Eclipse Adoptium; OS Windows 11 arch amd64 version 10.0
[02Oct2026 19:30:22.976] [main/INFO] [net.neoforged.fml.loading.ImmediateWindowHandler/]: Loading ImmediateWindowProvider fmlearlywindow
[02Oct2026 19:30:23.096] [main/INFO] [EARLYDISPLAY/]: Trying GL version 4.6
[02Oct2026 19:30:23.261] [main/INFO] [EARLYDISPLAY/]: Requested GL version 4.6 got version 4.6
[02Oct2026 19:30:23.359] [main/INFO] [mixin/]: SpongePowered MIXIN Subsystem Version=0.8.7 Source=union:/C:/Users/laure/.gradle/caches/modules-2/files-2.1/net.fabricmc/sponge-mixin/0.15.2+mixin.0.8.7/2af2f021d8e02a0220dc27a7a72b4666d66d44ca/sponge-mixin-0.15.2+mixin.0.8.7.jar%23138!/ Service=ModLauncher Env=CLIENT
[02Oct2026 19:30:23.556] [pool-2-thread-1/INFO] [EARLYDISPLAY/]: GL info: NVIDIA GeForce RTX 5060 Ti/PCIe/SSE2 GL version 4.6.0 NVIDIA 616.92, NVIDIA Corporation
[02Oct2026 19:30:23.722] [main/WARN] [net.neoforged.jarjar.selection.JarSelector/]: Attempted to select a dependency jar for JarJar which was passed in as source: flywheel. Using Mod File: C:\Users\laure\.gradle\caches\modules-2\files-2.1\dev.engine-room.flywheel\flywheel-neoforge-1.21.1\1.0.4\47fe9da825b4479bbac55d6432d5932ee76f32f0\flywheel-neoforge-1.21.1-1.0.4.jar
[02Oct2026 19:30:23.722] [main/WARN] [net.neoforged.jarjar.selection.JarSelector/]: Attempted to select a dependency jar for JarJar which was passed in as source: ponder. Using Mod File: C:\Users\laure\.gradle\caches\modules-2\files-2.1\net.createmod.ponder\ponder-neoforge\1.0.81+mc1.21.1\33d5fda0be2726256eb4722f1da2dad5d073d08d\ponder-neoforge-1.0.81+mc1.21.1.jar
[02Oct2026 19:30:23.722] [main/INFO] [net.neoforged.fml.loading.moddiscovery.locators.JarInJarDependencyLocator/]: Found 2 dependencies adding them to mods collection
[02Oct2026 19:30:23.723] [main/INFO] [net.neoforged.fml.loading.moddiscovery.ModDiscoverer/]: 
     Mod List:
		Name Version (Mod Id)

		Flywheel 1.0.4 (flywheel)
		Minecraft 1.21.1 (minecraft)
		NeoForge 21.1.248 (neoforge)
		Ponder 1.0.81+mc1.21.1 (ponder)
		Ponderer 1.10.6.1 (ponderer)
		RealnessMC Content Pack 0.3.0-dev (realnessmc_content_pack)
[02Oct2026 19:30:24.654] [main/INFO] [mixin/]: Compatibility level set to JAVA_21
[02Oct2026 19:30:24.666] [main/INFO] [cpw.mods.modlauncher.LaunchServiceHandler/MODLAUNCHER]: Launching target 'forgeclientdev' with arguments [--version, 21.1.248, --gameDir, ., --assetsDir, C:\Users\laure\.gradle\caches\neoformruntime\assets, --assetIndex, 17]
[02Oct2026 19:30:24.762] [main/WARN] [mixin/]: Reference map 'ponder.refmap.json' for ponder-common.mixins.json could not be read. If this is a development environment you can ignore this message
[02Oct2026 19:30:25.074] [main/WARN] [mixin/]: Error loading class: mezz/jei/gui/events/GuiEventHandler (java.lang.ClassNotFoundException: mezz.jei.gui.events.GuiEventHandler)
[02Oct2026 19:30:25.142] [main/INFO] [MixinExtras|Service/]: Initializing MixinExtras via com.llamalad7.mixinextras.service.MixinExtrasServiceImpl(version=0.5.3).
[02Oct2026 19:30:26.768] [Datafixer Bootstrap/INFO] [com.mojang.datafixers.DataFixerBuilder/]: 229 Datafixer optimizations took 322 milliseconds
[02Oct2026 19:30:30.746] [main/WARN] [net.minecraft.commands.Commands/]: Ambiguity between arguments [teleport, location] and [teleport, destination] with inputs: [0.1 -0.5 .9, 0 0 0]
[02Oct2026 19:30:30.747] [main/WARN] [net.minecraft.commands.Commands/]: Ambiguity between arguments [teleport, location] and [teleport, targets] with inputs: [0.1 -0.5 .9, 0 0 0]
[02Oct2026 19:30:30.750] [main/WARN] [net.minecraft.commands.Commands/]: Ambiguity between arguments [teleport, destination] and [teleport, targets] with inputs: [Player, 0123, @e, dd12be42-52a9-4a91-a8a1-11c01849e498]
[02Oct2026 19:30:30.751] [main/WARN] [net.minecraft.commands.Commands/]: Ambiguity between arguments [teleport, targets] and [teleport, destination] with inputs: [Player, 0123, dd12be42-52a9-4a91-a8a1-11c01849e498]
[02Oct2026 19:30:30.751] [main/WARN] [net.minecraft.commands.Commands/]: Ambiguity between arguments [teleport, targets, location] and [teleport, targets, destination] with inputs: [0.1 -0.5 .9, 0 0 0]
[02Oct2026 19:30:30.901] [Render thread/WARN] [net.minecraft.server.packs.VanillaPackResourcesBuilder/]: Assets URL 'union:/C:/Users/laure/IdeaProjects/RealnessMC-Content-Pack/build/moddev/artifacts/neoforge-21.1.248.jar%23190!/assets/.mcassetsroot' uses unexpected schema
[02Oct2026 19:30:30.901] [Render thread/WARN] [net.minecraft.server.packs.VanillaPackResourcesBuilder/]: Assets URL 'union:/C:/Users/laure/IdeaProjects/RealnessMC-Content-Pack/build/moddev/artifacts/neoforge-21.1.248.jar%23190!/data/.mcassetsroot' uses unexpected schema
[02Oct2026 19:30:30.935] [Render thread/INFO] [com.mojang.authlib.yggdrasil.YggdrasilAuthenticationService/]: Environment: Environment[sessionHost=https://sessionserver.mojang.com, servicesHost=https://api.minecraftservices.com, name=PROD]
[02Oct2026 19:30:30.940] [Render thread/INFO] [net.minecraft.client.Minecraft/]: Setting user: Dev
[02Oct2026 19:30:31.030] [Render thread/INFO] [net.minecraft.client.Minecraft/]: Backend library: LWJGL version 3.3.3+5
[02Oct2026 19:30:31.189] [modloading-worker-0/INFO] [net.neoforged.neoforge.common.NeoForgeMod/NEOFORGE-MOD]: NeoForge mod loading, version 21.1.248, for MC 1.21.1
[02Oct2026 19:30:31.957] [Render thread/INFO] [net.neoforged.neoforge.gametest.GameTestHooks/]: Enabled Gametest Namespaces: [realnessmc_content_pack]
[02Oct2026 19:30:32.090] [Render thread/INFO] [net.minecraft.server.packs.resources.ReloadableResourceManager/]: Reloading ResourceManager: vanilla, mod_resources, mod/realnessmc_content_pack, mod/flywheel, mod/ponder, mod/ponderer, mod/neoforge
[02Oct2026 19:30:32.101] [Worker-Main-1/INFO] [org.realnessmc.realnessmc_content_pack.Realnessmc_content_pack/]: RealnessMC CP Common Setup Fired ... Initializing
[02Oct2026 19:30:32.246] [Worker-Main-6/INFO] [net.minecraft.client.gui.font.providers.UnihexProvider/]: Found unifont_jp_patch-15.1.05.hex, loading
[02Oct2026 19:30:32.246] [Worker-Main-4/INFO] [net.minecraft.client.gui.font.providers.UnihexProvider/]: Found unifont_all_no_pua-15.1.05.hex, loading
[02Oct2026 19:30:32.454] [Render thread/INFO] [com.nododiiiii.ponderer.ponder.SceneStore/]: Loaded 1 ponderer scene(s) from C:\Users\laure\IdeaProjects\RealnessMC-Content-Pack\run\config\ponderer\scripts
[02Oct2026 19:30:32.804] [Worker-Main-10/WARN] [net.minecraft.client.resources.model.BlockStateModelLoader/]: Exception loading blockstate definition: 'realnessmc_content_pack:blockstates/example_block.json' missing model for variant: 'realnessmc_content_pack:example_block#'
[02Oct2026 19:30:32.805] [Worker-Main-10/WARN] [net.minecraft.client.resources.model.ModelBakery/]: Unable to load model: 'realnessmc_content_pack:item/example_block' referenced from: realnessmc_content_pack:item/example_block: java.io.FileNotFoundException: realnessmc_content_pack:models/item/example_block.json
[02Oct2026 19:30:32.807] [Worker-Main-10/WARN] [net.minecraft.client.resources.model.ModelBakery/]: Unable to load model: 'realnessmc_content_pack:item/example_item' referenced from: realnessmc_content_pack:item/example_item: java.io.FileNotFoundException: realnessmc_content_pack:models/item/example_item.json
[02Oct2026 19:30:33.299] [Worker-Main-3/WARN] [com.nododiiiii.ponderer.ponder.DynamicPonderPlugin/]: Invalid item id realnessmc_content_pack:*_marble_block in scene ponderer:white_marble_block
[02Oct2026 19:30:33.300] [Worker-Main-3/WARN] [com.nododiiiii.ponderer.ponder.DynamicPonderPlugin/]: Scene ponderer:white_marble_block has no valid items; skipping
[02Oct2026 19:30:33.307] [Worker-Main-3/INFO] [PonderIndex/]: Registering Ponder Scenes took 22.89 ms
[02Oct2026 19:30:33.310] [Worker-Main-3/INFO] [PonderIndex/]: Registering Ponder Tags took 3.198 ms
[02Oct2026 19:30:33.416] [Render thread/WARN] [net.minecraft.client.sounds.SoundEngine/]: Missing sound for event: minecraft:item.goat_horn.play
[02Oct2026 19:30:33.416] [Render thread/WARN] [net.minecraft.client.sounds.SoundEngine/]: Missing sound for event: minecraft:entity.goat.screaming.horn_break
[02Oct2026 19:30:33.446] [Render thread/INFO] [com.mojang.blaze3d.audio.Library/]: OpenAL initialized on device OpenAL Soft on Lautsprecher (Realtek USB Audio)
[02Oct2026 19:30:33.447] [Render thread/INFO] [net.minecraft.client.sounds.SoundEngine/SOUNDS]: Sound engine started
[02Oct2026 19:30:33.537] [Render thread/INFO] [net.minecraft.client.renderer.texture.TextureAtlas/]: Created: 2048x2048x4 minecraft:textures/atlas/blocks.png-atlas
[02Oct2026 19:30:33.552] [Render thread/INFO] [net.minecraft.client.renderer.texture.TextureAtlas/]: Created: 256x256x4 minecraft:textures/atlas/signs.png-atlas
[02Oct2026 19:30:33.552] [Render thread/INFO] [net.minecraft.client.renderer.texture.TextureAtlas/]: Created: 512x512x4 minecraft:textures/atlas/shield_patterns.png-atlas
[02Oct2026 19:30:33.552] [Render thread/INFO] [net.minecraft.client.renderer.texture.TextureAtlas/]: Created: 512x512x4 minecraft:textures/atlas/banner_patterns.png-atlas
[02Oct2026 19:30:33.552] [Render thread/INFO] [net.minecraft.client.renderer.texture.TextureAtlas/]: Created: 1024x1024x4 minecraft:textures/atlas/armor_trims.png-atlas
[02Oct2026 19:30:33.555] [Render thread/INFO] [net.minecraft.client.renderer.texture.TextureAtlas/]: Created: 128x64x4 minecraft:textures/atlas/decorated_pot.png-atlas
[02Oct2026 19:30:33.555] [Render thread/INFO] [net.minecraft.client.renderer.texture.TextureAtlas/]: Created: 256x256x4 minecraft:textures/atlas/chest.png-atlas
[02Oct2026 19:30:33.555] [Render thread/INFO] [net.minecraft.client.renderer.texture.TextureAtlas/]: Created: 512x256x4 minecraft:textures/atlas/beds.png-atlas
[02Oct2026 19:30:33.555] [Render thread/INFO] [net.minecraft.client.renderer.texture.TextureAtlas/]: Created: 512x256x4 minecraft:textures/atlas/shulker_boxes.png-atlas
[02Oct2026 19:30:33.679] [Render thread/INFO] [net.minecraft.client.renderer.texture.TextureAtlas/]: Created: 512x256x0 minecraft:textures/atlas/particles.png-atlas
[02Oct2026 19:30:33.679] [Render thread/INFO] [net.minecraft.client.renderer.texture.TextureAtlas/]: Created: 512x256x0 minecraft:textures/atlas/paintings.png-atlas
[02Oct2026 19:30:33.680] [Render thread/INFO] [net.minecraft.client.renderer.texture.TextureAtlas/]: Created: 256x128x0 minecraft:textures/atlas/mob_effects.png-atlas
[02Oct2026 19:30:33.680] [Render thread/INFO] [net.minecraft.client.renderer.texture.TextureAtlas/]: Created: 64x64x0 minecraft:textures/atlas/map_decorations.png-atlas
[02Oct2026 19:30:33.680] [Render thread/INFO] [net.minecraft.client.renderer.texture.TextureAtlas/]: Created: 1024x512x0 minecraft:textures/atlas/gui.png-atlas
[02Oct2026 19:30:33.695] [Render thread/WARN] [net.minecraft.client.renderer.ShaderInstance/]: Shader rendertype_entity_translucent_emissive could not find sampler named Sampler2 in the specified shader program.
[02Oct2026 19:30:33.753] [Render thread/INFO] [flywheel/backend/shaders/]: Loaded 69 shader sources in 16.241 ms
[02Oct2026 19:30:33.769] [Render thread/INFO] [net.neoforged.neoforge.client.entity.animation.json.AnimationLoader/]: Loaded 0 entity animations
[02Oct2026 19:30:37.883] [Render thread/INFO] [net.minecraft.world.item.crafting.RecipeManager/]: Loaded 1293 recipes
[02Oct2026 19:30:38.035] [Render thread/INFO] [net.minecraft.advancements.AdvancementTree/]: Loaded 1399 advancements
[02Oct2026 19:30:38.312] [Server thread/INFO] [net.minecraft.client.server.IntegratedServer/]: Starting integrated minecraft server version 1.21.1
[02Oct2026 19:30:38.312] [Server thread/INFO] [net.minecraft.server.MinecraftServer/]: Generating keypair
[02Oct2026 19:30:38.535] [Server thread/INFO] [net.minecraft.server.MinecraftServer/]: Preparing start region for dimension minecraft:overworld
[02Oct2026 19:30:38.699] [progressListener/INFO] [net.minecraft.server.level.progress.LoggerChunkProgressListener/]: Preparing spawn area: 0%
[02Oct2026 19:30:38.765] [Server thread/INFO] [net.neoforged.neoforge.server.permission.PermissionAPI/]: Successfully initialized permission handler neoforge:default_handler
[02Oct2026 19:30:38.775] [progressListener/INFO] [net.minecraft.server.level.progress.LoggerChunkProgressListener/]: Time elapsed: 237 ms
[02Oct2026 19:30:38.812] [Server thread/INFO] [net.minecraft.client.server.IntegratedServer/]: Changing view distance to 12, from 10
[02Oct2026 19:30:38.812] [Server thread/INFO] [net.minecraft.client.server.IntegratedServer/]: Changing simulation distance to 12, from 0
[02Oct2026 19:30:39.326] [Server thread/INFO] [net.minecraft.server.players.PlayerList/]: Dev[local:E:04d9b2b0] logged in with entity id 1 at (62.750804809048326, -53.581714206557685, -178.18646816024304)
[02Oct2026 19:30:39.401] [Server thread/INFO] [net.minecraft.server.MinecraftServer/]: Dev joined the game
[02Oct2026 19:30:39.727] [Render thread/INFO] [flywheel/]: Started 10 worker threads
[02Oct2026 19:30:39.808] [Render thread/INFO] [net.minecraft.client.gui.components.ChatComponent/]: [System] [CHAT] Welcome to the RealnessMC Server, Dev!
[02Oct2026 19:30:39.818] [Render thread/INFO] [net.minecraft.client.gui.components.ChatComponent/]: [System] [CHAT] RealnessMC Content Pack was Loaded Successfully!
[02Oct2026 19:30:39.818] [Render thread/INFO] [net.minecraft.client.gui.components.ChatComponent/]: [System] [CHAT] Version: v0.3.0
[02Oct2026 19:30:39.820] [Render thread/INFO] [net.minecraft.advancements.AdvancementTree/]: Loaded 2 advancements
[02Oct2026 19:31:04.918] [Server thread/INFO] [net.minecraft.client.server.IntegratedServer/]: Saving and pausing game...
[02Oct2026 19:31:04.930] [Server thread/INFO] [net.minecraft.server.MinecraftServer/]: Saving chunks for level 'ServerLevel[New World]'/minecraft:overworld
[02Oct2026 19:31:04.940] [Server thread/INFO] [net.minecraft.server.MinecraftServer/]: Saving chunks for level 'ServerLevel[New World]'/minecraft:the_nether
[02Oct2026 19:31:04.940] [Server thread/INFO] [net.minecraft.server.MinecraftServer/]: Saving chunks for level 'ServerLevel[New World]'/minecraft:the_end
[02Oct2026 19:31:05.672] [Server thread/INFO] [net.minecraft.server.network.ServerGamePacketListenerImpl/]: Dev lost connection: Disconnected
[02Oct2026 19:31:05.673] [Server thread/INFO] [net.minecraft.server.MinecraftServer/]: Dev left the game
[02Oct2026 19:31:05.680] [Server thread/INFO] [net.minecraft.server.network.ServerCommonPacketListenerImpl/]: Stopping singleplayer server as player logged out
[02Oct2026 19:31:05.718] [Server thread/INFO] [net.minecraft.server.MinecraftServer/]: Stopping server
[02Oct2026 19:31:05.718] [Server thread/INFO] [net.minecraft.server.MinecraftServer/]: Saving players
[02Oct2026 19:31:05.718] [Server thread/INFO] [net.minecraft.server.MinecraftServer/]: Saving worlds
[02Oct2026 19:31:05.858] [Server thread/INFO] [net.minecraft.server.MinecraftServer/]: Saving chunks for level 'ServerLevel[New World]'/minecraft:overworld
[02Oct2026 19:31:05.960] [Server thread/INFO] [net.minecraft.server.MinecraftServer/]: Saving chunks for level 'ServerLevel[New World]'/minecraft:the_nether
[02Oct2026 19:31:05.966] [Server thread/INFO] [net.minecraft.server.MinecraftServer/]: Saving chunks for level 'ServerLevel[New World]'/minecraft:the_end
[02Oct2026 19:31:05.976] [Server thread/INFO] [net.minecraft.server.MinecraftServer/]: ThreadedAnvilChunkStorage (New World): All chunks are saved
[02Oct2026 19:31:05.976] [Server thread/INFO] [net.minecraft.server.MinecraftServer/]: ThreadedAnvilChunkStorage (DIM-1): All chunks are saved
[02Oct2026 19:31:05.976] [Server thread/INFO] [net.minecraft.server.MinecraftServer/]: ThreadedAnvilChunkStorage (DIM1): All chunks are saved
[02Oct2026 19:31:05.976] [Server thread/INFO] [net.minecraft.server.MinecraftServer/]: ThreadedAnvilChunkStorage: All dimensions are saved
[02Oct2026 19:31:06.789] [Render thread/INFO] [net.minecraft.client.Minecraft/]: Stopping!
